[2026-08-27 21:51:30,799 ] 1025 httpx - INFO - HTTP Request: GET https://dagshub.com/api/v1/user "HTTP/1.1 200 OK"
[2026-08-27 21:51:30,808 ] 107 dagshub - INFO - Accessing as Anupbatakurki
[2026-08-27 21:51:31,910 ] 1025 httpx - INFO - HTTP Request: GET https://dagshub.com/api/v1/repos/Anupbatakurki/Network-security "HTTP/1.1 200 OK"
[2026-08-27 21:51:32,958 ] 1025 httpx - INFO - HTTP Request: GET https://dagshub.com/api/v1/user "HTTP/1.1 200 OK"
[2026-08-27 21:51:32,964 ] 107 dagshub - INFO - Initialized MLflow to track repo "Anupbatakurki/Network-security"
[2026-08-27 21:51:32,965 ] 107 dagshub - INFO - Repository Anupbatakurki/Network-security initialized!
[2026-08-27 21:52:22,687 ] 42 root - INFO - Start data Ingestion
[2026-08-27 21:52:27,557 ] 68 root - INFO - Performed train test split on the dataframe
[2026-08-27 21:52:27,557 ] 70 root - INFO - Exited split_data_as_train_test method of Data_Ingestion class
[2026-08-27 21:52:27,557 ] 78 root - INFO - Exporting train and test file path.
[2026-08-27 21:52:27,796 ] 87 root - INFO - Exported train and test file path.
[2026-08-27 21:52:27,797 ] 45 root - INFO - Data Ingestion completed and artifact: DataIngestionArtifact(trained_file_path='Artifacts\\08_27_2026_21_51_17\\data_ingestion\\ingested\\train.csv', test_file_path='Artifacts\\08_27_2026_21_51_17\\data_ingestion\\ingested\\test.csv')
[2026-08-27 21:52:27,827 ] 55 root - INFO - Initiate the data Validation
[2026-08-27 21:52:28,138 ] 32 root - INFO - Required number of columns:2
[2026-08-27 21:52:28,139 ] 33 root - INFO - Data frame has columns:31
[2026-08-27 21:52:28,139 ] 32 root - INFO - Required number of columns:2
[2026-08-27 21:52:28,139 ] 33 root - INFO - Data frame has columns:31
[2026-08-27 21:52:28,459 ] 65 root - INFO - Entered initiate_data_transformation method of DataTransformation class
[2026-08-27 21:52:28,459 ] 67 root - INFO - Starting data transformation
[2026-08-27 21:52:28,575 ] 51 root - INFO - Entered get_data_trnasformer_object method of Transformation class
[2026-08-27 21:52:28,576 ] 54 root - INFO - Initialise KNNImputer with {'missing_values': nan, 'n_neighbors': 3, 'weights': 'uniform'}
[2026-08-27 21:52:28,665 ] 46 root - INFO - Entered the save_object method of MainUtils class
[2026-08-27 21:52:28,669 ] 50 root - INFO - Exited the save_object method of MainUtils class
[2026-08-27 21:52:28,669 ] 46 root - INFO - Entered the save_object method of MainUtils class
[2026-08-27 21:52:28,673 ] 50 root - INFO - Exited the save_object method of MainUtils class
[2026-08-27 21:59:36,461 ] 238 root - INFO - Best model selected: Random Forest
[2026-08-27 21:59:36,461 ] 242 root - INFO - Best model score: 0.9465841479405586
[2026-08-27 22:00:54,234 ] 89 root - INFO - Model and metrics logged successfully in MLflow.
[2026-08-27 22:01:58,233 ] 89 root - INFO - Model and metrics logged successfully in MLflow.
[2026-08-27 22:01:58,983 ] 46 root - INFO - Entered the save_object method of MainUtils class
[2026-08-27 22:01:59,003 ] 50 root - INFO - Exited the save_object method of MainUtils class
[2026-08-27 22:01:59,003 ] 333 root - INFO - Model saved at: Artifacts\08_27_2026_21_51_17\model_trainer\trained_model\model.pkl
[2026-08-27 22:01:59,004 ] 46 root - INFO - Entered the save_object method of MainUtils class
[2026-08-27 22:01:59,026 ] 50 root - INFO - Exited the save_object method of MainUtils class
[2026-08-27 22:01:59,026 ] 363 root - INFO - Final model saved at: final_model\model.pkl
[2026-08-27 22:01:59,026 ] 382 root - INFO - Final model verification successful.
[2026-08-27 22:01:59,026 ] 406 root - INFO - Model trainer artifact: ModelTrainerArtifact(trained_model_file_path='Artifacts\\08_27_2026_21_51_17\\model_trainer\\trained_model\\model.pkl', train_metric_artifact=ClassificationMetricArtifact(f1_score=0.9909460834181079, precision_score=0.988733252131547, recall_score=0.9931688417618271), test_metric_artifact=ClassificationMetricArtifact(f1_score=0.9884737678855325, precision_score=0.9845605700712589, recall_score=0.9924181963288109))
