[2026-08-27 01:09:10,048 ] 1025 httpx - INFO - HTTP Request: GET https://dagshub.com/api/v1/user "HTTP/1.1 200 OK"
[2026-08-27 01:09:10,058 ] 107 dagshub - INFO - Accessing as Anupbatakurki
[2026-08-27 01:09:11,081 ] 1025 httpx - INFO - HTTP Request: GET https://dagshub.com/api/v1/repos/Anupbatakurki/Network-security "HTTP/1.1 200 OK"
[2026-08-27 01:09:12,313 ] 1025 httpx - INFO - HTTP Request: GET https://dagshub.com/api/v1/user "HTTP/1.1 200 OK"
[2026-08-27 01:09:12,315 ] 107 dagshub - INFO - Initialized MLflow to track repo "Anupbatakurki/Network-security"
[2026-08-27 01:09:12,315 ] 107 dagshub - INFO - Repository Anupbatakurki/Network-security initialized!
[2026-08-27 01:09:12,317 ] 20 root - INFO - Initiate the data ingestion
[2026-08-27 01:09:16,503 ] 68 root - INFO - Performed train test split on the dataframe
[2026-08-27 01:09:16,503 ] 70 root - INFO - Exited split_data_as_train_test method of Data_Ingestion class
[2026-08-27 01:09:16,503 ] 78 root - INFO - Exporting train and test file path.
[2026-08-27 01:09:16,597 ] 87 root - INFO - Exported train and test file path.
[2026-08-27 01:09:16,598 ] 22 root - INFO - Data Initiation Completed
[2026-08-27 01:09:16,613 ] 26 root - INFO - Initiate the data Validation
[2026-08-27 01:09:16,686 ] 32 root - INFO - Required number of columns:2
[2026-08-27 01:09:16,686 ] 33 root - INFO - Data frame has columns:31
[2026-08-27 01:09:16,686 ] 32 root - INFO - Required number of columns:2
[2026-08-27 01:09:16,686 ] 33 root - INFO - Data frame has columns:31
[2026-08-27 01:09:16,861 ] 28 root - INFO - data Validation Completed
[2026-08-27 01:09:16,861 ] 31 root - INFO - data Transformation started
[2026-08-27 01:09:16,861 ] 65 root - INFO - Entered initiate_data_transformation method of DataTransformation class
[2026-08-27 01:09:16,862 ] 67 root - INFO - Starting data transformation
[2026-08-27 01:09:16,928 ] 51 root - INFO - Entered get_data_trnasformer_object method of Transformation class
[2026-08-27 01:09:16,928 ] 54 root - INFO - Initialise KNNImputer with {'missing_values': nan, 'n_neighbors': 3, 'weights': 'uniform'}
[2026-08-27 01:09:16,969 ] 46 root - INFO - Entered the save_object method of MainUtils class
[2026-08-27 01:09:16,972 ] 50 root - INFO - Exited the save_object method of MainUtils class
[2026-08-27 01:09:16,972 ] 46 root - INFO - Entered the save_object method of MainUtils class
[2026-08-27 01:09:16,975 ] 50 root - INFO - Exited the save_object method of MainUtils class
[2026-08-27 01:09:16,977 ] 35 root - INFO - data Transformation completed
[2026-08-27 01:09:16,978 ] 36 root - INFO - Model Training sstared
[2026-08-27 01:14:46,981 ] 238 root - INFO - Best model selected: Random Forest
[2026-08-27 01:14:46,981 ] 242 root - INFO - Best model score: 0.9485065180951454
[2026-08-27 01:15:33,504 ] 89 root - INFO - Model and metrics logged successfully in MLflow.
[2026-08-27 01:16:14,723 ] 89 root - INFO - Model and metrics logged successfully in MLflow.
[2026-08-27 01:16:15,520 ] 46 root - INFO - Entered the save_object method of MainUtils class
[2026-08-27 01:16:15,536 ] 50 root - INFO - Exited the save_object method of MainUtils class
[2026-08-27 01:16:15,536 ] 333 root - INFO - Model saved at: Artifacts\08_27_2026_01_09_05\model_trainer\trained_model\model.pkl
[2026-08-27 01:16:15,537 ] 46 root - INFO - Entered the save_object method of MainUtils class
[2026-08-27 01:16:15,559 ] 50 root - INFO - Exited the save_object method of MainUtils class
[2026-08-27 01:16:15,559 ] 363 root - INFO - Final model saved at: final_model\model.pkl
[2026-08-27 01:16:15,559 ] 382 root - INFO - Final model verification successful.
[2026-08-27 01:16:15,559 ] 406 root - INFO - Model trainer artifact: ModelTrainerArtifact(trained_model_file_path='Artifacts\\08_27_2026_01_09_05\\model_trainer\\trained_model\\model.pkl', train_metric_artifact=ClassificationMetricArtifact(f1_score=0.9908629441624366, precision_score=0.9879542463812127, recall_score=0.9937888198757764), test_metric_artifact=ClassificationMetricArtifact(f1_score=0.9888178913738019, precision_score=0.984493041749503, recall_score=0.9931809065383073))
[2026-08-27 01:16:15,562 ] 41 root - INFO - Model Training artifact created
