[2026-08-27 23:46:50,271 ] 1025 httpx - INFO - HTTP Request: GET https://dagshub.com/api/v1/user "HTTP/1.1 200 OK"
[2026-08-27 23:46:50,277 ] 107 dagshub - INFO - Accessing as Anupbatakurki
[2026-08-27 23:46:51,322 ] 1025 httpx - INFO - HTTP Request: GET https://dagshub.com/api/v1/repos/Anupbatakurki/Network-security "HTTP/1.1 200 OK"
[2026-08-27 23:46:52,269 ] 1025 httpx - INFO - HTTP Request: GET https://dagshub.com/api/v1/user "HTTP/1.1 200 OK"
[2026-08-27 23:46:52,270 ] 107 dagshub - INFO - Initialized MLflow to track repo "Anupbatakurki/Network-security"
[2026-08-27 23:46:52,271 ] 107 dagshub - INFO - Repository Anupbatakurki/Network-security initialized!
[2026-08-27 23:48:44,943 ] 42 root - INFO - Start data Ingestion
[2026-08-27 23:48:52,576 ] 68 root - INFO - Performed train test split on the dataframe
[2026-08-27 23:48:52,576 ] 70 root - INFO - Exited split_data_as_train_test method of Data_Ingestion class
[2026-08-27 23:48:52,577 ] 78 root - INFO - Exporting train and test file path.
[2026-08-27 23:48:52,721 ] 87 root - INFO - Exported train and test file path.
[2026-08-27 23:48:52,722 ] 45 root - INFO - Data Ingestion completed and artifact: DataIngestionArtifact(trained_file_path='Artifacts\\08_27_2026_23_46_45\\data_ingestion\\ingested\\train.csv', test_file_path='Artifacts\\08_27_2026_23_46_45\\data_ingestion\\ingested\\test.csv')
[2026-08-27 23:48:52,735 ] 55 root - INFO - Initiate the data Validation
[2026-08-27 23:48:52,846 ] 32 root - INFO - Required number of columns:2
[2026-08-27 23:48:52,847 ] 33 root - INFO - Data frame has columns:31
[2026-08-27 23:48:52,847 ] 32 root - INFO - Required number of columns:2
[2026-08-27 23:48:52,847 ] 33 root - INFO - Data frame has columns:31
[2026-08-27 23:48:53,060 ] 65 root - INFO - Entered initiate_data_transformation method of DataTransformation class
[2026-08-27 23:48:53,060 ] 67 root - INFO - Starting data transformation
[2026-08-27 23:48:53,113 ] 51 root - INFO - Entered get_data_trnasformer_object method of Transformation class
[2026-08-27 23:48:53,113 ] 54 root - INFO - Initialise KNNImputer with {'missing_values': nan, 'n_neighbors': 3, 'weights': 'uniform'}
[2026-08-27 23:48:53,175 ] 46 root - INFO - Entered the save_object method of MainUtils class
[2026-08-27 23:48:53,178 ] 50 root - INFO - Exited the save_object method of MainUtils class
[2026-08-27 23:48:53,178 ] 46 root - INFO - Entered the save_object method of MainUtils class
[2026-08-27 23:48:53,182 ] 50 root - INFO - Exited the save_object method of MainUtils class
[2026-08-27 23:54:31,441 ] 238 root - INFO - Best model selected: Random Forest
[2026-08-27 23:54:31,441 ] 242 root - INFO - Best model score: 0.9461585513835852
[2026-08-27 23:54:59,528 ] 89 root - INFO - Model and metrics logged successfully in MLflow.
[2026-08-27 23:55:17,961 ] 89 root - INFO - Model and metrics logged successfully in MLflow.
[2026-08-27 23:55:18,774 ] 46 root - INFO - Entered the save_object method of MainUtils class
[2026-08-27 23:55:18,778 ] 50 root - INFO - Exited the save_object method of MainUtils class
[2026-08-27 23:55:18,779 ] 333 root - INFO - Model saved at: Artifacts\08_27_2026_23_46_45\model_trainer\trained_model\model.pkl
[2026-08-27 23:55:18,779 ] 46 root - INFO - Entered the save_object method of MainUtils class
[2026-08-27 23:55:18,782 ] 50 root - INFO - Exited the save_object method of MainUtils class
[2026-08-27 23:55:18,782 ] 363 root - INFO - Final model saved at: final_model\model.pkl
[2026-08-27 23:55:18,782 ] 382 root - INFO - Final model verification successful.
[2026-08-27 23:55:18,783 ] 406 root - INFO - Model trainer artifact: ModelTrainerArtifact(trained_model_file_path='Artifacts\\08_27_2026_23_46_45\\model_trainer\\trained_model\\model.pkl', train_metric_artifact=ClassificationMetricArtifact(f1_score=0.9907868901978553, precision_score=0.987257951239089, recall_score=0.994341147938561), test_metric_artifact=ClassificationMetricArtifact(f1_score=0.9878575838649928, precision_score=0.9832036050798852, recall_score=0.9925558312655087))
